data/history/15574703473.csv
time,date,itemid,price,discount,price_before_discount,stock,sold,item_status,cmt_count,liked_count
1668653576,20221117,15574703473,7000000,57%,16407000,399,356,normal,307,2122
1668654785,20221117,15574703473,6900000,58%,16407000,42,356,normal,307,2123
1668657265,20221117,15574703473,6900000,58%,16407000,41,356,normal,307,2123
1668658932,20221117,15574703473,7000000,57%,16407000,440,356,normal,307,2125
1668660358,20221117,15574703473,7000000,57%,16407000,440,356,normal,307,2126
1668688693,20221117,15574703473,7000000,57%,16407000,439,356,normal,307,2126
1668692119,20221117,15574703473,7000000,57%,16407000,438,356,normal,307,2126
1668694601,20221117,15574703473,6900000,58%,16407000,43,356,normal,307,2127
1668698360,20221117,15574703473,7000000,57%,16407000,438,356,normal,308,2130
1668702354,20221117,15574703473,7000000,57%,16407000,435,356,normal,308,2131
1668704113,20221117,15574703473,7000000,57%,16407000,435,356,normal,308,2132
1668709307,20221117,15574703473,7000000,57%,16407000,435,356,normal,309,2132
1668712485,20221117,15574703473,7000000,57%,16407000,393,356,normal,309,2132
1668713829,20221117,15574703473,7000000,57%,16407000,393,354,normal,309,2132
1668716339,20221117,15574703473,7000000,57%,16407000,350,354,normal,309,2133
1668719768,20221117,15574703473,7000000,57%,16407000,351,354,normal,309,2133
1668723500,20221117,15574703473,7000000,57%,16407000,350,354,normal,309,2134
1668724855,20221117,15574703473,7000000,57%,16407000,350,354,normal,309,2135
1668727170,20221117,15574703473,7000000,57%,16407000,349,354,normal,309,2136
1668728456,20221117,15574703473,7000000,57%,16407000,349,354,normal,309,2138
1668735876,20221118,15574703473,7000000,57%,16407000,354,354,normal,310,2139
1668741290,20221118,15574703473,7000000,57%,16407000,398,354,normal,310,2144
1668743734,20221118,15574703473,7000000,57%,16407000,397,354,normal,310,2144
1668749924,20221118,15574703473,7000000,57%,16407000,397,354,normal,310,2145
1668752595,20221118,15574703473,7000000,57%,16407000,397,354,normal,310,2146
1668769972,20221118,15574703473,7000000,57%,16407000,397,354,normal,310,2147
1668774859,20221118,15574703473,7000000,57%,16407000,398,354,normal,310,2148
1668779513,20221118,15574703473,7000000,57%,16407000,398,354,normal,310,2149
1668781065,20221118,15574703473,7000000,57%,16407000,398,354,normal,311,2149
1668782408,20221118,15574703473,7000000,57%,16407000,397,354,normal,311,2149
1668784715,20221118,15574703473,7000000,57%,16407000,397,354,normal,312,2149
1668786092,20221118,15574703473,7000000,57%,16407000,396,354,normal,312,2149
1668788712,20221118,15574703473,7000000,57%,16407000,395,354,normal,313,2151
1668790366,20221118,15574703473,7000000,57%,16407000,395,354,normal,314,2151
1668791835,20221118,15574703473,7000000,57%,16407000,394,354,normal,315,2151
1668793231,20221118,15574703473,7000000,57%,16407000,394,354,normal,315,2152
1668797181,20221118,15574703473,7000000,57%,16407000,394,354,normal,316,2152
1668802740,20221118,15574703473,7000000,57%,16407000,394,350,normal,316,2152
1668806161,20221118,15574703473,6900000,58%,16407000,43,350,normal,316,2154
1668809863,20221118,15574703473,6900000,58%,16407000,43,350,normal,316,2158
1668811289,20221118,15574703473,6900000,58%,16407000,42,350,normal,316,2158
1668813485,20221118,15574703473,7000000,57%,16407000,397,350,normal,316,2159
1668814791,20221118,15574703473,7000000,57%,16407000,396,350,normal,316,2159
1668822001,20221119,15574703473,7000000,57%,16407000,398,350,normal,317,2160
1668825377,20221119,15574703473,7000000,57%,16407000,398,350,normal,319,2161
1668827399,20221119,15574703473,6900000,58%,16407000,43,350,normal,319,2162
1668831702,20221119,15574703473,6900000,58%,16407000,43,350,normal,319,2163
1668838908,20221119,15574703473,6900000,58%,16407000,43,350,normal,319,2164
1668849379,20221119,15574703473,7000000,57%,16407000,542,350,normal,319,2164
1668861107,20221119,15574703473,7000000,57%,16407000,540,350,normal,319,2165
1668864379,20221119,15574703473,7000000,57%,16407000,539,350,normal,319,2165
1668871059,20221119,15574703473,7000000,57%,16407000,537,350,normal,319,2165
1668875035,20221119,15574703473,7000000,57%,16407000,536,350,normal,319,2167
1668876661,20221119,15574703473,7000000,57%,16407000,535,350,normal,319,2167
1668878118,20221119,15574703473,7000000,57%,16407000,536,350,normal,319,2167
1668879487,20221119,15574703473,7000000,57%,16407000,536,350,normal,321,2167
1668882059,20221119,15574703473,7000000,57%,16407000,536,350,normal,322,2169
1668883399,20221119,15574703473,7000000,57%,16407000,536,350,normal,322,2171
1668885223,20221119,15574703473,7000000,57%,16407000,536,368,normal,322,2171
1668889073,20221119,15574703473,7000000,57%,16407000,536,368,normal,324,2172
1668890352,20221119,15574703473,7000000,57%,16407000,536,368,normal,324,2173
1668892517,20221119,15574703473,7000000,57%,16407000,535,368,normal,324,2173
1668896204,20221119,15574703473,7000000,57%,16407000,534,368,normal,324,2174
1668899853,20221119,15574703473,6900000,58%,16407000,43,368,normal,324,2176
1668901155,20221119,15574703473,6900000,58%,16407000,41,368,normal,324,2176
1668908691,20221120,15574703473,7000000,57%,16407000,572,368,normal,324,2181
1668914350,20221120,15574703473,7000000,57%,16407000,571,368,normal,324,2183
1668917262,20221120,15574703473,7000000,57%,16407000,571,368,normal,324,2184
1668919766,20221120,15574703473,7000000,57%,16407000,572,368,normal,324,2184
1668928551,20221120,15574703473,7000000,57%,16407000,572,368,normal,324,2185
1668935813,20221120,15574703473,6900000,58%,16407000,43,368,normal,324,2185
1668937121,20221120,15574703473,6900000,58%,16407000,43,368,normal,324,2186
1668940857,20221120,15574703473,6900000,58%,16407000,43,368,normal,324,2187
1668944213,20221120,15574703473,6900000,58%,16407000,42,368,normal,324,2191
1668947524,20221120,15574703473,6900000,58%,16407000,41,368,normal,324,2201
1668950794,20221120,15574703473,7000000,57%,16407000,611,368,normal,324,2204
1668953721,20221120,15574703473,7000000,57%,16407000,611,368,normal,324,2206
1668955081,20221120,15574703473,7000000,57%,16407000,610,368,normal,324,2206
1668957447,20221120,15574703473,7000000,57%,16407000,609,368,normal,324,2206
1668958818,20221120,15574703473,7000000,57%,16407000,609,368,normal,324,2207
1668961440,20221120,15574703473,7000000,57%,16407000,608,368,normal,324,2207
1668968449,20221120,15574703473,7000000,57%,16407000,607,368,normal,324,2209
1668969777,20221120,15574703473,7000000,57%,16407000,607,368,normal,324,2210
1668971624,20221120,15574703473,7000000,57%,16407000,607,371,normal,324,2211
1668973038,20221120,15574703473,7000000,57%,16407000,607,371,normal,324,2213
1668976763,20221120,15574703473,7000000,57%,16407000,606,371,normal,324,2213
1668978900,20221120,15574703473,7000000,57%,16407000,606,371,normal,324,2214
1668980247,20221120,15574703473,7000000,57%,16407000,605,371,normal,324,2214
1668982587,20221120,15574703473,7000000,57%,16407000,605,371,normal,325,2215
1668986331,20221120,15574703473,6900000,58%,16407000,43,371,normal,325,2215
1668994896,20221121,15574703473,7000000,57%,16407000,646,371,normal,326,2218
1669000622,20221121,15574703473,6900000,58%,16407000,43,371,normal,326,2218
1669003270,20221121,15574703473,6900000,58%,16407000,42,371,normal,326,2218
1669006151,20221121,15574703473,6900000,58%,16407000,42,371,normal,326,2220
1669007815,20221121,15574703473,6900000,58%,16407000,42,371,normal,326,2221
1669011878,20221121,15574703473,6900000,58%,16407000,42,371,normal,326,2222
1669015027,20221121,15574703473,6900000,58%,16407000,42,371,normal,326,2223
1669022318,20221121,15574703473,7000000,57%,16407000,714,371,normal,326,2225
1669350510,20221125,15574703473,6900000,58%,16407000,500,384,normal,355,2331
1669353522,20221125,15574703473,6900000,58%,16407000,106,384,normal,355,2331
1669354736,20221125,15574703473,6900000,58%,16407000,105,384,normal,355,2331
1669364793,20221125,15574703473,6900000,58%,16407000,105,384,normal,355,2332
1669368010,20221125,15574703473,6900000,58%,16407000,500,384,normal,355,2332
1669369187,20221125,15574703473,6900000,58%,16407000,500,384,normal,355,2333
1669371774,20221125,15574703473,6900000,58%,16407000,498,384,normal,355,2335
1669372928,20221125,15574703473,6900000,58%,16407000,498,384,normal,356,2335
1669375067,20221125,15574703473,6900000,58%,16407000,497,384,normal,356,2336
1669376322,20221125,15574703473,6900000,58%,16407000,496,384,normal,356,2336
1669380020,20221125,15574703473,6900000,58%,16407000,494,384,normal,356,2336
1669382971,20221125,15574703473,6900000,58%,16407000,493,384,normal,357,2336
1669383845,20221125,15574703473,6900000,58%,16407000,493,384,normal,357,2337
1669385923,20221125,15574703473,6900000,58%,16407000,492,384,normal,358,2338
1669389682,20221125,15574703473,6900000,58%,16407000,491,384,normal,358,2338
1669393740,20221125,15574703473,6900000,58%,16407000,47,384,normal,358,2339
1669396719,20221125,15574703473,6900000,58%,16407000,491,384,normal,358,2340
1669397944,20221125,15574703473,6900000,58%,16407000,490,384,normal,358,2340
1669400750,20221125,15574703473,6900000,58%,16407000,484,384,normal,358,2341
